// Jest Snapshot v1, https://goo.gl/fbAQLP

exports[`PrisionerCard component should render 1`] = `true`;
